task: [test-xtask] env -u CARGO_ENCODED_RUSTFLAGS RUSTUP_TOOLCHAIN=1.98.1 RUSTFLAGS='-C link-arg=-fuse-ld=lld' RUSTC_WRAPPER= RUSTC_WORKSPACE_WRAPPER= CARGO_BUILD_RUSTC_WRAPPER= CARGO_BUILD_RUSTC_WORKSPACE_WRAPPER= CARGO_BUILD_JOBS=2 CARGO_INCREMENTAL=0 CARGO_PROFILE_DEV_DEBUG=0 CARGO_PROFILE_TEST_DEBUG=0 CARGO_PROFILE_DEV_INCREMENTAL=false CARGO_PROFILE_TEST_INCREMENTAL=false cargo test --package ess-xtask --locked
    Blocking waiting for file lock on build directory
   Compiling ess-xtask v0.37.0 (WORKTREE_ROOT/ess/er-library-conformance/crates/edge/ess-xtask)
    Finished `test` profile [unoptimized] target(s) in 57.29s
     Running unittests src/main.rs (EVIDENCE_CACHE/er-ess-extension/ci-build/debug/deps/ess_xtask-1b278b8a033cff68)

running 204 tests
test consumer_coverage::accounting_v2_tests::acquisition_profile_inventory_refuses_a_ninth_scenario_acquisition_row ... ok
test consumer_coverage::accounting_v2_tests::aggregate_refused_child_requires_the_exact_qualified_refusal_boundary ... ok
test consumer_coverage::accounting_v2_tests::aggregate_modes_require_complete_nonoverlapping_same_consumer_frontiers ... ok
test consumer_coverage::accounting_v2_tests::binary_unit_artifact_binds_target_kind_root_and_case_source_separately ... ok
test consumer_coverage::accounting_v2_tests::aggregate_reference_deltas_require_both_local_endpoints_in_the_frontier ... ok
test consumer_coverage::accounting_v2_tests::aggregate_closure_is_bound_to_the_exact_reconciliation_and_frozen_residual ... ok
test consumer_coverage::accounting_v2_tests::reconciliation_consumes_the_complete_stale_set_once_and_preserves_one_unknown ... ok
test consumer_coverage::accounting_v2_tests::aggregate_proof_binds_the_exact_reviewed_manifest ... ok
test consumer_coverage::accounting_v2_tests::complete_current_subtree_requires_changed_profile_and_every_current_child ... ok
test consumer_coverage::accounting_v2_tests::historical_v1_readers_reject_v2_and_every_new_surface ... ok
test consumer_coverage::accounting_v2_tests::replacement_binding_requires_the_exact_kind_cases_reason_refusal_or_closure ... ok
test consumer_coverage::accounting_v3_tests::historical_accounting_readers_reject_v3_without_changing_v1_or_v2 ... ok
test consumer_coverage::accounting_v2_tests::acquisition_v1_signature_only_family_is_refused ... ok
test consumer_coverage::accounting_v2_tests::reconciliation_refuses_missing_extra_duplicate_wrong_and_revived_decisions ... ok
test consumer_coverage::accounting_v2_tests::v2_readers_are_closed_by_format_stage_disposition_and_fields ... ok
test consumer_coverage::accounting_v2_tests::acquisition_refuses_a_discarded_default_probe_in_the_actual_authored_body ... ok
test consumer_coverage::accounting_v3_tests::v3_candidate_reader_is_closed_and_requires_model_behavior_evidence ... ok
test consumer_coverage::accounting_v2_tests::acquisition_authority_is_exactly_eight_closed_rows_and_planned_equals_proved ... ok
test consumer_coverage::model_behavior_tests::authority_numbers_read_the_same_in_every_serde_json_build ... ok
test consumer_coverage::model_behavior_tests::authority_rejects_duplicate_keys_before_a_json_value_exists ... ok
test consumer_coverage::model_behavior_tests::authority_rejects_inexact_hashes_and_execution_contracts ... ok
test consumer_coverage::model_behavior_tests::authority_rejects_unknown_members_and_unclaimed_cases ... ok
test consumer_coverage::model_behavior_tests::candidate_binds_a_wire_model_to_its_current_shape ... ok
test consumer_coverage::model_behavior_tests::candidate_distinguishes_extractor_and_cargo_no_feature_encodings ... ok
test consumer_coverage::accounting_v2_tests::acquisition_refuses_ninth_missing_stale_wrong_role_source_or_execution ... ok
test consumer_coverage::model_behavior_tests::candidate_rejects_a_stale_claim_after_a_current_claim ... ok
test consumer_coverage::accounting_v3_tests::legacy_native_receipt_shape_remains_byte_for_byte_unchanged ... ok
test consumer_coverage::model_behavior_tests::candidate_rejects_a_stale_model_shape_claim ... ok
test consumer_coverage::model_behavior_tests::candidate_rejects_an_unknown_model_claim ... ok
test consumer_coverage::model_behavior_tests::candidate_plan_and_execution_bind_every_digest_and_exact_receipt ... ok
test consumer_coverage::model_behavior_tests::closed_authority_accepts_one_exact_case_and_claim ... ok
test consumer_coverage::accounting_v3_tests::v3_plan_reader_consumes_model_claims_once_and_keeps_case_sets_disjoint ... ok
test consumer_coverage::accounting_v3_tests::v3_requires_an_exact_disjoint_legacy_and_model_case_partition ... ok
test consumer_coverage::preservation::tests::entrypoints_execution_and_claim_boundaries_cannot_drift ... ok
test consumer_coverage::preservation::tests::actual_mapping_preserves_every_current_consumer_and_reviewed_requirement ... ok
test consumer_coverage::accounting_v2_tests::pinned_historical_source_reproduces_all_five_old_aggregate_hashes ... ok
test consumer_coverage::tests::adversary_absolute_external_import_keeps_its_external_owner ... ok
test consumer_coverage::preservation::tests::baseline_identity_and_authority_list_cannot_be_silently_replaced ... ok
test consumer_coverage::tests::adversary_absolute_external_type_is_not_shadowed_by_a_local_module ... ok
test consumer_coverage::tests::adversary_new_public_associated_constant_requires_a_concrete_classification ... ok
test consumer_coverage::tests::adversary_pass2_expected_panic_and_surplus_results_do_not_qualify_support ... ok
test consumer_coverage::tests::adversary_changed_associated_output_type_invalidates_its_consumer_contract ... ok
test consumer_coverage::tests::adversary_pass2_new_default_trait_method_needs_its_own_classification ... ok
test consumer_coverage::tests::adversary_pass2_type_macro_cannot_hide_a_selected_associated_contract ... ok
test consumer_coverage::tests::adversary_pass2_wire_literal_refs_and_escaped_definition_names_keep_their_positions ... ok
test consumer_coverage::tests::cfg_test_is_excluded_without_hiding_production ... ok
test consumer_coverage::tests::changed_string_backed_alternative_is_not_hidden_by_wire_string ... ok
test consumer_coverage::preservation::tests::changed_source_authorities_require_the_mapping_to_follow ... ok
test consumer_coverage::tests::concrete_consumer_entries_and_full_case_names_are_not_package_aliases ... ok
test consumer_coverage::tests::classified_nonmodel_macro_definition_and_invocation_drift_refuse ... ok
test consumer_coverage::tests::consumer_unknown_cfg_is_not_a_default_profile ... ok
test consumer_coverage::tests::comments_and_whitespace_do_not_change_rust_identity_or_shape ... ok
test consumer_coverage::tests::consumer_identity_separates_body_comments_and_unrelated_entries_from_signatures ... ok
test consumer_coverage::preservation::tests::reviewed_requirements_cases_and_behavior_cannot_be_dropped_or_changed ... ok
test consumer_coverage::enforce::metadata_tests::metadata_planning_and_qualified_counts_conserve_every_cell_and_keep_cases_separate ... FAILED
test consumer_coverage::metadata::tests::opaque_proof_checks_reject_different_runs_pairs_guard_sources_and_manifests ... FAILED
test consumer_coverage::metadata::tests::profile_declaration_boundary_is_exact_and_does_not_follow_a_manifest_allowlist ... ok
test consumer_coverage::tests::correction2_opaque_macros_refuse_every_callable_signature ... ok
test consumer_coverage::tests::correction2_bodies_and_unselected_associated_macros_stay_outside_callable_identity ... ok
test consumer_coverage::tests::correction2_trait_contract_refuses_unresolved_qualified_and_wrapped_owners ... ok
test consumer_coverage::tests::correction2_header_constraints_track_associated_dependencies_and_refuse_macros ... ok
test consumer_coverage::tests::correction_associated_member_profiles_and_unsupported_forms_remain_closed ... ok
test consumer_coverage::tests::correction_qualified_associated_constants_participate_in_declared_array_results ... ok
test consumer_coverage::enforce::metadata_tests::a_metadata_container_cannot_absorb_a_new_descendant_obligation ... FAILED
test consumer_coverage::enforce::metadata_tests::execution_plan_rejects_missing_duplicate_changed_or_premature_guard_claims ... FAILED
test consumer_coverage::tests::correction_unresolved_self_contracts_do_not_borrow_an_unrelated_trait_member ... ok
test consumer_coverage::tests::correction_wrapped_self_projection_requires_a_resolved_associated_owner ... ok
test consumer_coverage::tests::correction_trait_associated_declarations_require_their_own_classifications ... ok
test consumer_coverage::tests::correction2_selected_associated_macros_refuse_transitively ... ok
test consumer_coverage::tests::declaration_order_and_unknown_representation_grammar_are_not_erased ... ok
test consumer_coverage::tests::generated_consumer_owner_uses_the_leading_invocation_identifier ... ok
test consumer_coverage::tests::correction_absolute_external_groups_renames_and_reexports_preserve_the_owner ... ok
test consumer_coverage::tests::finite_unaccepted_eligibility_has_exact_complete_accounting ... ok
test consumer_coverage::metadata::tests::changed_definition_and_forged_model_dictionary_cannot_reuse_the_container_row ... FAILED
test consumer_coverage::tests::correction_associated_contract_tracks_selected_transitive_declarations_only ... ok
test consumer_coverage::tests::local_aliases_inline_modules_reexports_and_cycles_are_resolved ... ok
test consumer_coverage::tests::local_declarations_shadow_prelude_leaves_and_generics_refuse ... ok
test consumer_coverage::tests::ignored_case_and_nested_execution_are_visible_candidates_only ... ok
test consumer_coverage::tests::correction2_trait_contract_tracks_selected_associated_types_and_constants ... ok
test consumer_coverage::tests::measured_build_profile_refuses_unsupported_target_features_and_wrappers ... ok
test consumer_coverage::tests::new_callable_and_target_alternatives_change_exact_inventory ... ok
test consumer_coverage::tests::new_member_or_consumer_cannot_inherit_eligibility ... ok
test consumer_coverage::tests::one_macro_invoked_twice_in_one_module_keeps_two_identities ... ok
test consumer_coverage::tests::private_optional_tuple_and_enum_members_have_separate_identities ... ok
test consumer_coverage::tests::production_cfg_and_alias_ambiguity_fail_closed ... ok
test consumer_coverage::tests::public_reexport_additions_and_alias_changes_have_concrete_identities ... ok
test consumer_coverage::tests::stage2_case_engine_refuses_source_drift_or_missing_actual_result ... ok
test consumer_coverage::tests::stage2_claims_need_cases_and_named_refusal_without_contradictions ... ok
test consumer_coverage::tests::pending_owner_checkpoint_is_complete_but_never_eligible ... ok
test consumer_coverage::tests::stage2_classification_refusal_preserves_actual_accounting_diagnostics ... ok
test consumer_coverage::tests::stage2_case_engine_lists_filters_and_executes_before_qualifying ... ok
test consumer_coverage::tests::representation_attributes_invalidate_shape_and_unknown_attributes_refuse ... ok
test consumer_coverage::metadata::tests::manifest_rows_reject_missing_stale_hashes_wrong_roles_and_behavior_fields ... ok
test consumer_coverage::tests::stage2_cargo_artifact_requires_exact_owner_target_profile_and_completed_build ... ok
test consumer_coverage::preservation::tests::omitted_duplicate_and_unknown_consumers_refuse ... ok
test consumer_coverage::tests::stage2_exact_finite_baseline_plus_behavioral_case_covers_two_pairs ... ok
test consumer_coverage::tests::stage2_new_optional_or_string_backed_member_cannot_inherit_unknown ... ok
test consumer_coverage::tests::correction2_trait_callable_entries_keep_signature_and_cfg_boundaries ... ok
test consumer_coverage::tests::stage2_measured_stable_listing_requires_exact_nonignored_case ... ok
test consumer_coverage::tests::stage2_new_obligation_can_gain_behavior_without_expanding_initial_unknowns ... ok
test consumer_coverage::tests::stage2_current_flags_target_tools_and_complete_configuration_set_are_bound ... ok
test consumer_coverage::tests::stage2_refusal_counts_only_current_eligible_unknown_cells ... ok
test consumer_coverage::tests::stage2_new_consumer_and_changed_profile_cannot_inherit_unknown ... ok
test consumer_coverage::tests::stage2_removed_duplicate_and_missing_pairs_refuse ... ok
test consumer_coverage::tests::stage2_one_actual_pass_requires_successful_direct_exit ... ok
test consumer_coverage::tests::stage2_swallowed_panic_and_skipped_nested_branches_do_not_qualify ... ok
test consumer_coverage::tests::stage2_zero_selected_ignored_failing_and_forged_results_refuse ... ok
test consumer_coverage::tests::stage2_unknown_requires_independent_owner_and_closed_manifest ... ok
test consumer_coverage::tests::wire_definitions_references_and_escaped_property_names_are_separate ... ok
test consumer_coverage::tests::unknown_production_macro_cannot_hide_a_declaration ... ok
test consumer_coverage::tests::unknown_type_owner_is_a_named_refusal ... ok
test consumer_coverage::metadata::tests::manifest_cannot_drop_duplicate_add_descendants_or_add_a_fourth_profile ... ok
test docs::tests::a_format_version_no_release_ships_may_still_be_called_unreleased ... ok
test docs::tests::a_family_the_version_history_gives_a_release_and_this_lane_does_not_track_is_refused ... ok
test docs::tests::a_supported_list_is_read_whether_or_not_rustfmt_wrapped_it ... ok
test docs::tests::a_wave_spelling_and_a_plain_version_both_order_by_minor ... ok
test docs::tests::a_version_run_is_read_whole ... ok
test docs::tests::an_install_walkthrough_pinned_to_an_older_release_is_refused ... ok
test docs::tests::a_shipped_format_still_called_unreleased_is_refused ... ok
test docs::tests::every_family_the_committed_version_history_gives_a_release_is_tracked ... ok
test consumer_coverage::tests::wire_boolean_schemas_and_ordered_literals_are_concrete ... ok
test docs::tests::a_bare_version_belongs_to_the_family_named_before_it_on_the_line ... ok
test consumer_coverage::tests::wire_reference_cycle_is_finite_and_descendants_invalidate_parents ... ok
test docs::tests::every_phrasing_the_docs_have_used_for_an_unreleased_format_is_read ... ok
test consumer_coverage::tests::wire_annotations_are_excluded_only_at_schema_positions ... ok
test consumer_coverage::tests::stale_duplicate_ownerless_accepted_and_mandatory_unknown_rows_refuse ... ok
test consumer_coverage::tests::wire_unknown_keyword_dialect_and_external_references_refuse ... ok
test docs::tests::every_recorded_release_is_a_version_and_every_supported_version_is_recorded ... FAILED
test docs::tests::one_family_does_not_match_another_whose_name_ends_in_it ... ok
test git_checkout::tests::an_unreadable_git_directory_is_an_error_not_an_absence ... ok
test infra_acceptance::tests::a_cluster_that_already_exists_is_never_taken_over ... ok
test git_checkout::tests::a_git_directory_git_cannot_open_is_no_checkout ... ok
test infra_acceptance::tests::a_program_outside_the_allowlist_is_refused_however_it_is_wrapped ... ok
test infra_acceptance::tests::a_run_name_outside_the_disposable_prefix_is_refused ... ok
test infra_acceptance::tests::a_secret_value_is_found_in_plain_and_base64_form_and_nowhere_else ... ok
test infra_acceptance::tests::a_command_naming_a_projection_output_or_a_foreign_cluster_is_refused_before_it_runs ... ok
test git_checkout::tests::a_gitfile_and_a_git_symlink_mark_a_checkout ... ok
test infra_acceptance::tests::a_scratch_below_a_repository_a_gitfile_or_a_git_symlink_is_refused ... ok
test infra_acceptance::tests::case_b_every_spelling_that_reaches_a_projection_or_a_foreign_target_is_refused ... ok
test docs::tests::the_newest_dated_heading_is_the_newest_release ... ok
test git_checkout::tests::each_entry_git_opens_a_repository_by_marks_a_checkout ... ok
test consumer_coverage::enforce::metadata_tests::accounting_readers_reject_legacy_unknown_envelopes_and_wrong_stages ... FAILED
test infra_acceptance::tests::a_scratch_below_a_git_directory_holding_only_an_exclude_file_is_admitted ... ok
test infra_acceptance::tests::every_manifest_renders_without_an_unresolved_placeholder ... ok
test docs::tests::the_committed_release_notes_do_not_trail_the_newest_release ... ok
test support::tests::a_complete_source_block_is_accepted_without_owning_release_prose ... ok
test infra_acceptance::tests::a_scratch_below_an_unreadable_git_directory_is_refused ... ok
test infra_acceptance::tests::the_placement_intent_is_a_valid_infra_spec_naming_the_harness_workload ... ok
test support::tests::adversary_real_source_version_drift_keeps_release_bytes_independent ... ok
test support::tests::cargo_version_changes_invalidate_only_the_source_block ... ok
test support::tests::command_inventory_requires_a_complete_nonempty_unique_section ... ok
test support::tests::emitted_version_markers_are_parsed_and_must_agree_across_the_projection ... ok
test support::tests::every_material_row_change_is_refused_with_its_location ... ok
test support::tests::help_inventory_reads_both_clap_layouts_without_swallowing_neighbor_options ... ok
test support::tests::html_requires_the_actual_output_root_and_both_nonempty_local_assets ... ok
test support::tests::missing_duplicated_or_reordered_block_markers_refuse ... ok
test support::tests::support_check_is_an_available_maintenance_command ... ok
test tests::a_minor_release_with_no_change_fragment_is_refused ... ok
test tests::a_named_but_untagged_version_is_not_an_incomplete_release ... ok
test consumer_coverage::enforce::metadata_tests::metadata_cells_reject_behavior_fields_and_old_closed_disposition_readers_reject_metadata ... FAILED
test tests::a_version_tag_whose_commit_never_reached_main_is_refused ... ok
test tests::a_tag_that_cannot_be_gated_is_exempt_with_its_reason ... ok
test tests::a_version_tag_with_no_changelog_section_is_refused ... ok
test tests::an_empty_release_is_refused_by_name ... ok
test tests::a_version_tag_with_no_release_behind_it_is_refused ... ok
test tests::exclusions_cover_only_the_named_subtree ... ok
test tests::an_undated_release_is_refused_by_name ... ok
test tests::only_bare_version_tags_are_release_tags ... ok
test tests::published_release_tags_come_from_the_json_report ... ok
test tests::generated_paths_must_stay_below_the_projection_root ... ok
test tests::release_notes_stop_before_the_next_release ... ok
test tests::sync_checks_and_reconciles_in_both_directions ... ok
test tests::sync_locks_existing_missing_and_nested_roots_before_any_mutation ... ok
test tests::sync_preserves_explicit_exclusions_without_excluding_all_hidden_files ... ok
test tests::release_publication_is_evaluated_after_every_dependency_finishes ... ok
test consumer_coverage::metadata::tests::fresh_provider_and_exact_six_relationships_share_the_actual_wire_inventory ... FAILED
test tests::sync_refuses_destination_alias_into_an_enrolled_tree ... ok
test tests::sync_refuses_enrolled_ancestor_and_reserved_planned_paths ... ok
test tests::the_generated_index_includes_static_site_source ... ok
test tests::sync_refuses_reserved_state_before_writing_or_pruning ... ok
test whats_changed::tests::a_summary_over_the_public_limit_is_refused ... ok
test whats_changed::tests::a_version_sorts_by_number_and_not_by_text ... ok
test whats_changed::tests::an_anchor_matches_the_heading_github_would_mint ... ok
test tests::the_release_record_is_checked_after_every_release_run ... ok
test tests::workspace_version_comes_only_from_the_workspace_package_table ... ok
test whats_changed::tests::every_committed_fragment_is_valid_and_renders ... ok
test whats_changed::tests::an_exempt_minor_is_named_with_its_reason ... ok
test infra_acceptance::tests::only_harness_manifests_reach_apply ... ok
test consumer_coverage::metadata::tests::fresh_provider_refuses_retained_drift_dialect_container_and_reference_inventory_changes ... ok
test infra_acceptance::tests::the_scanner_finds_every_known_bypass ... ok
test consumer_coverage::tests::file_level_production_cfg_cannot_hide_from_the_graph ... ok
test consumer_coverage::tests::external_module_inside_inline_module_uses_its_semantic_directory ... ok
test consumer_coverage::tests::actual_selected_roots_resolve_without_diagnostic_generated_declarations ... ok
test consumer_coverage::tests::selected_root_reaching_guarded_diagnostic_type_is_not_an_opaque_leaf ... ok
test consumer_coverage::tests::diagnostic_macro_definition_and_invocation_changes_refuse ... ok
test consumer_coverage::metadata::tests::current_compiled_provider_executes_one_guard_and_binds_its_opaque_proof_to_this_run ... FAILED
test consumer_coverage::accounting_v3_tests::v3_qualification_consumes_exact_model_and_retained_v2_proofs ... FAILED
test support::tests::adversary_actual_cli_refusal_is_not_a_successful_support_observation has been running for over 60 seconds
test support::tests::adversary_actual_explicit_site_and_combined_maps_keep_distinct_roots has been running for over 60 seconds
test support::tests::adversary_actual_help_missing_target_metadata_cannot_borrow_neighbor_values has been running for over 60 seconds
test support::tests::adversary_adjacent_readme_is_selected_without_authored_flags has been running for over 60 seconds
test support::tests::adversary_all_real_material_rows_refuse_cell_removal_duplicate_and_order_drift has been running for over 60 seconds
test support::tests::adversary_front_page_override_replaces_adjacent_readme_for_a_specification_file has been running for over 60 seconds
test support::tests::adversary_real_docs_ir_marker_is_nested_json_not_visible_marker_text has been running for over 60 seconds
test support::tests::adversary_actual_help_missing_target_metadata_cannot_borrow_neighbor_values ... ok
test support::tests::adversary_real_docs_ir_marker_is_nested_json_not_visible_marker_text ... ok
test support::tests::adversary_actual_cli_refusal_is_not_a_successful_support_observation ... ok
test support::tests::adversary_adjacent_readme_is_selected_without_authored_flags ... ok
test support::tests::adversary_actual_explicit_site_and_combined_maps_keep_distinct_roots ... ok
test support::tests::adversary_front_page_override_replaces_adjacent_readme_for_a_specification_file ... ok
test support::tests::adversary_all_real_material_rows_refuse_cell_removal_duplicate_and_order_drift ... ok

failures:

---- consumer_coverage::enforce::metadata_tests::metadata_planning_and_qualified_counts_conserve_every_cell_and_keep_cases_separate stdout ----

thread 'consumer_coverage::enforce::metadata_tests::metadata_planning_and_qualified_counts_conserve_every_cell_and_keep_cases_separate' (3945202) panicked at crates/edge/ess-xtask/src/consumer_coverage/enforce_metadata_tests.rs:19:70:
called `Result::unwrap()` on an `Err` value: stale or unreviewed schema metadata row wire:RawSpecFile#/definitions cli-binding-resolution
note: run with `RUST_BACKTRACE=1` environment variable to display a backtrace

---- consumer_coverage::metadata::tests::opaque_proof_checks_reject_different_runs_pairs_guard_sources_and_manifests stdout ----

thread 'consumer_coverage::metadata::tests::opaque_proof_checks_reject_different_runs_pairs_guard_sources_and_manifests' (3945210) panicked at crates/edge/ess-xtask/src/consumer_coverage/metadata_tests.rs:302:72:
called `Result::unwrap()` on an `Err` value: stale or unreviewed schema metadata row wire:RawSpecFile#/definitions cli-binding-resolution

---- consumer_coverage::enforce::metadata_tests::a_metadata_container_cannot_absorb_a_new_descendant_obligation stdout ----

thread 'consumer_coverage::enforce::metadata_tests::a_metadata_container_cannot_absorb_a_new_descendant_obligation' (3945198) panicked at crates/edge/ess-xtask/src/consumer_coverage/enforce_metadata_tests.rs:19:70:
called `Result::unwrap()` on an `Err` value: stale or unreviewed schema metadata row wire:RawSpecFile#/definitions cli-binding-resolution

---- consumer_coverage::enforce::metadata_tests::execution_plan_rejects_missing_duplicate_changed_or_premature_guard_claims stdout ----

thread 'consumer_coverage::enforce::metadata_tests::execution_plan_rejects_missing_duplicate_changed_or_premature_guard_claims' (3945200) panicked at crates/edge/ess-xtask/src/consumer_coverage/enforce_metadata_tests.rs:19:70:
called `Result::unwrap()` on an `Err` value: stale or unreviewed schema metadata row wire:RawSpecFile#/definitions cli-binding-resolution

---- consumer_coverage::metadata::tests::changed_definition_and_forged_model_dictionary_cannot_reuse_the_container_row stdout ----

thread 'consumer_coverage::metadata::tests::changed_definition_and_forged_model_dictionary_cannot_reuse_the_container_row' (3945203) panicked at crates/edge/ess-xtask/src/consumer_coverage/metadata_tests.rs:208:72:
called `Result::unwrap()` on an `Err` value: stale or unreviewed schema metadata row wire:RawSpecFile#/definitions cli-binding-resolution

---- docs::tests::every_recorded_release_is_a_version_and_every_supported_version_is_recorded stdout ----

thread 'docs::tests::every_recorded_release_is_a_version_and_every_supported_version_is_recorded' (3945417) panicked at crates/edge/ess-xtask/src/docs.rs:831:17:
ess/16 is supported and has no recorded release

---- consumer_coverage::enforce::metadata_tests::accounting_readers_reject_legacy_unknown_envelopes_and_wrong_stages stdout ----

thread 'consumer_coverage::enforce::metadata_tests::accounting_readers_reject_legacy_unknown_envelopes_and_wrong_stages' (3945199) panicked at crates/edge/ess-xtask/src/consumer_coverage/enforce_metadata_tests.rs:19:70:
called `Result::unwrap()` on an `Err` value: stale or unreviewed schema metadata row wire:RawSpecFile#/definitions cli-binding-resolution

---- consumer_coverage::enforce::metadata_tests::metadata_cells_reject_behavior_fields_and_old_closed_disposition_readers_reject_metadata stdout ----

thread 'consumer_coverage::enforce::metadata_tests::metadata_cells_reject_behavior_fields_and_old_closed_disposition_readers_reject_metadata' (3945201) panicked at crates/edge/ess-xtask/src/consumer_coverage/enforce_metadata_tests.rs:19:70:
called `Result::unwrap()` on an `Err` value: stale or unreviewed schema metadata row wire:RawSpecFile#/definitions cli-binding-resolution

---- consumer_coverage::metadata::tests::fresh_provider_and_exact_six_relationships_share_the_actual_wire_inventory stdout ----

thread 'consumer_coverage::metadata::tests::fresh_provider_and_exact_six_relationships_share_the_actual_wire_inventory' (3945205) panicked at crates/edge/ess-xtask/src/consumer_coverage/metadata_tests.rs:44:72:
called `Result::unwrap()` on an `Err` value: stale or unreviewed schema metadata row wire:RawSpecFile#/definitions cli-binding-resolution

---- consumer_coverage::metadata::tests::current_compiled_provider_executes_one_guard_and_binds_its_opaque_proof_to_this_run stdout ----

thread 'consumer_coverage::metadata::tests::current_compiled_provider_executes_one_guard_and_binds_its_opaque_proof_to_this_run' (3945204) panicked at crates/edge/ess-xtask/src/consumer_coverage/metadata_tests.rs:257:86:
called `Result::unwrap()` on an `Err` value: stale or unreviewed schema metadata row wire:RawSpecFile#/definitions cli-binding-resolution

---- consumer_coverage::accounting_v3_tests::v3_qualification_consumes_exact_model_and_retained_v2_proofs stdout ----

thread 'consumer_coverage::accounting_v3_tests::v3_qualification_consumes_exact_model_and_retained_v2_proofs' (3945196) panicked at crates/edge/ess-xtask/src/consumer_coverage/accounting_v3_tests.rs:420:6:
called `Result::unwrap()` on an `Err` value: metadata row shape differs from the fresh provider: wire:RawSpecFile#/definitions


failures:
    consumer_coverage::accounting_v3_tests::v3_qualification_consumes_exact_model_and_retained_v2_proofs
    consumer_coverage::enforce::metadata_tests::a_metadata_container_cannot_absorb_a_new_descendant_obligation
    consumer_coverage::enforce::metadata_tests::accounting_readers_reject_legacy_unknown_envelopes_and_wrong_stages
    consumer_coverage::enforce::metadata_tests::execution_plan_rejects_missing_duplicate_changed_or_premature_guard_claims
    consumer_coverage::enforce::metadata_tests::metadata_cells_reject_behavior_fields_and_old_closed_disposition_readers_reject_metadata
    consumer_coverage::enforce::metadata_tests::metadata_planning_and_qualified_counts_conserve_every_cell_and_keep_cases_separate
    consumer_coverage::metadata::tests::changed_definition_and_forged_model_dictionary_cannot_reuse_the_container_row
    consumer_coverage::metadata::tests::current_compiled_provider_executes_one_guard_and_binds_its_opaque_proof_to_this_run
    consumer_coverage::metadata::tests::fresh_provider_and_exact_six_relationships_share_the_actual_wire_inventory
    consumer_coverage::metadata::tests::opaque_proof_checks_reject_different_runs_pairs_guard_sources_and_manifests
    docs::tests::every_recorded_release_is_a_version_and_every_supported_version_is_recorded

test result: FAILED. 193 passed; 11 failed; 0 ignored; 0 measured; 0 filtered out; finished in 115.17s

error: test failed, to rerun pass `-p ess-xtask --bin ess-xtask`
task: Failed to run task "test-xtask": exit status 101
