task: [fmt-check] cargo fmt --package billing-realization --package ess-cli --package ess-cli-contract --package ess-cli-project --package ess-compiler --package ess-composition --package ess-conformance --package ess-diff --package ess-deployment --package ess-domain --package ess-entity-runtime --package ess-gen --package ess-kubernetes --package ess-openapi --package ess-primitives --package ess-realization --package ess-service-contract --package ess-synth --package ess-xtask --package gatepass-realization --package infra-analyze --package infra-compiler --package infra-domain --package infra-project --package infra-spec --package schema-contract -- --check
task: [clippy] cargo clippy --workspace --all-targets --locked -- -D warnings
    Blocking waiting for file lock on build directory
    Checking serde v1.0.229
   Compiling serde_json v1.0.151
    Checking serde_yaml v0.9.34+deprecated
    Checking schemars v0.8.22
    Checking thiserror v2.0.21
    Checking bitflags v2.13.2
    Checking pulldown-cmark v0.13.4
    Checking ess-primitives v0.37.0 (WORKTREE_ROOT/ess/er-library-conformance/crates/specify/ess-primitives)
    Checking once_cell v1.21.4
    Checking ref-cast v1.0.27
    Checking ess-domain v0.37.0 (WORKTREE_ROOT/ess/er-library-conformance/crates/specify/ess-domain)
    Checking ahash v0.8.12
    Checking fluent-uri v0.4.1
    Checking jsonschema-value v0.52.1
    Checking referencing v0.52.1
    Checking email_address v0.2.9
    Checking jsonschema v0.52.1
    Checking ess-compiler v0.37.0 (WORKTREE_ROOT/ess/er-library-conformance/crates/specify/ess-compiler)
    Checking ess-gen v0.37.0 (WORKTREE_ROOT/ess/er-library-conformance/crates/generate/ess-gen)
    Checking utf8parse v0.2.2
    Checking anstyle-parse v1.0.0
    Checking anstyle-query v1.1.5
    Checking colorchoice v1.0.5
    Checking is_terminal_polyfill v1.70.2
    Checking anstyle v1.0.14
    Checking anstream v1.0.0
    Checking infra-domain v0.37.0 (WORKTREE_ROOT/ess/er-library-conformance/crates/infra/infra-domain)
    Checking ess-conformance v0.37.0 (WORKTREE_ROOT/ess/er-library-conformance/crates/verify/ess-conformance)
    Checking ess-synth v0.37.0 (WORKTREE_ROOT/ess/er-library-conformance/crates/generate/ess-synth)
    Checking clap_lex v1.1.1
    Checking strsim v0.11.1
    Checking clap_builder v4.6.7
    Checking clap v4.6.7
    Checking base64 v0.22.1
    Checking linux-raw-sys v0.12.1
    Checking schema-contract v0.37.0 (WORKTREE_ROOT/ess/er-library-conformance/crates/generate/schema-contract)
    Checking rustix v1.1.4
    Checking infra-compiler v0.37.0 (WORKTREE_ROOT/ess/er-library-conformance/crates/infra/infra-compiler)
    Checking ess-diff v0.37.0 (WORKTREE_ROOT/ess/er-library-conformance/crates/verify/ess-diff)
    Checking infra-analyze v0.37.0 (WORKTREE_ROOT/ess/er-library-conformance/crates/infra/infra-analyze)
    Checking ess-cli-contract v0.37.0 (WORKTREE_ROOT/ess/er-library-conformance/crates/specify/ess-cli-contract)
    Checking rtoolbox v0.0.6
    Checking rpassword v7.5.4
    Checking clap_complete v4.6.11
    Checking anyhow v1.0.104
    Checking ess-cli-project v0.37.0 (WORKTREE_ROOT/ess/er-library-conformance/crates/generate/ess-cli-project)
   Compiling getrandom v0.4.3
    Checking infra-spec v0.37.0 (WORKTREE_ROOT/ess/er-library-conformance/crates/infra/infra-spec)
    Checking zeroize v1.9.0
    Checking rustls-pki-types v1.15.1
    Checking fastrand v2.5.0
    Checking getrandom v0.2.17
    Checking tempfile v3.27.0
    Checking untrusted v0.9.0
    Checking ring v0.17.14
    Checking log v0.4.34
    Checking subtle v2.6.1
    Checking rustls-pemfile v2.2.0
    Checking infra-project v0.37.0 (WORKTREE_ROOT/ess/er-library-conformance/crates/infra/infra-project)
    Checking ess-realization v0.37.0 (WORKTREE_ROOT/ess/er-library-conformance/crates/specify/ess-realization)
    Checking rustls-webpki v0.103.15
    Checking ess-openapi v0.37.0 (WORKTREE_ROOT/ess/er-library-conformance/crates/generate/ess-openapi)
    Checking rustls v0.23.45
    Checking semver v1.0.28
    Checking bytes v1.12.1
    Checking http v1.5.0
    Checking httparse v1.10.1
    Checking ess-deployment v0.37.0 (WORKTREE_ROOT/ess/er-library-conformance/crates/generate/ess-deployment)
    Checking ess-kubernetes v0.37.0 (WORKTREE_ROOT/ess/er-library-conformance/crates/infra/ess-kubernetes)
    Checking base64 v0.23.1
    Checking adler2 v2.0.1
    Checking simd-adler32 v0.3.10
    Checking miniz_oxide v0.9.1
    Checking ureq-proto v0.6.4
    Checking crc32fast v1.5.2
    Checking webpki-roots v1.0.9
    Checking ess-composition v0.37.0 (WORKTREE_ROOT/ess/er-library-conformance/crates/specify/ess-composition)
    Checking filetime v0.2.29
    Checking utf8-zero v0.8.1
    Checking tar v0.4.46
    Checking ureq v3.4.2
    Checking flate2 v1.1.10
    Checking proptest v1.11.0
    Checking ess-cli v0.37.0 (WORKTREE_ROOT/ess/er-library-conformance/crates/edge/ess-cli)
    Checking unicode-ident v1.0.26
    Checking proc-macro2 v1.0.107
   Compiling ess-xtask v0.37.0 (WORKTREE_ROOT/ess/er-library-conformance/crates/edge/ess-xtask)
    Checking quote v1.0.47
    Checking syn v2.0.119
    Checking ess-service-contract v0.37.0 (WORKTREE_ROOT/ess/er-library-conformance/crates/specify/ess-service-contract)
    Checking entity-core v0.24.1 (https://github.com/beyond10x/entity-runtime?tag=0.24.1#4746bd7c)
    Checking ess-entity-runtime v0.37.0 (WORKTREE_ROOT/ess/er-library-conformance/crates/generate/ess-entity-runtime)
    Checking gatepass-types v1.0.0 (WORKTREE_ROOT/ess/er-library-conformance/generated/rust/gatepass/crates/gatepass-types)
    Checking pass-service v1.0.0 (WORKTREE_ROOT/ess/er-library-conformance/generated/rust/gatepass/crates/pass-service)
    Checking deranged v0.5.8
    Checking num-conv v0.2.2
    Checking time-core v0.1.9
    Checking powerfmt v0.2.0
    Checking time v0.3.55
    Checking gatepass-system v1.0.0 (WORKTREE_ROOT/ess/er-library-conformance/generated/rust/gatepass/crates/gatepass-system)
    Checking billing-types v3.0.0 (WORKTREE_ROOT/ess/er-library-conformance/generated/rust/billing/crates/billing-types)
    Checking gatepass-server v1.0.0 (WORKTREE_ROOT/ess/er-library-conformance/generated/rust/gatepass/crates/gatepass-server)
    Checking yasna v0.5.2
    Checking pem v3.0.6
    Checking rcgen v0.13.2
    Checking email-service v3.0.0 (WORKTREE_ROOT/ess/er-library-conformance/generated/rust/billing/crates/email-service)
    Checking invoice-service v3.0.0 (WORKTREE_ROOT/ess/er-library-conformance/generated/rust/billing/crates/invoice-service)
    Checking billing-system v3.0.0 (WORKTREE_ROOT/ess/er-library-conformance/generated/rust/billing/crates/billing-system)
    Checking gatepass-realization v0.37.0 (WORKTREE_ROOT/ess/er-library-conformance/examples/gatepass-realization)
    Checking billing-realization v0.37.0 (WORKTREE_ROOT/ess/er-library-conformance/examples/billing-realization)
    Finished `dev` profile [unoptimized] target(s) in 2m 27s
task: [doc-check] cargo doc --workspace --no-deps --locked
    Checking ess-primitives v0.37.0 (WORKTREE_ROOT/ess/er-library-conformance/crates/specify/ess-primitives)
    Checking infra-domain v0.37.0 (WORKTREE_ROOT/ess/er-library-conformance/crates/infra/infra-domain)
    Checking ess-domain v0.37.0 (WORKTREE_ROOT/ess/er-library-conformance/crates/specify/ess-domain)
    Checking getrandom v0.3.4
    Checking infra-compiler v0.37.0 (WORKTREE_ROOT/ess/er-library-conformance/crates/infra/infra-compiler)
    Checking ahash v0.8.12
    Checking infra-analyze v0.37.0 (WORKTREE_ROOT/ess/er-library-conformance/crates/infra/infra-analyze)
    Checking jsonschema-value v0.52.1
    Checking referencing v0.52.1
    Checking jsonschema v0.52.1
    Checking ess-compiler v0.37.0 (WORKTREE_ROOT/ess/er-library-conformance/crates/specify/ess-compiler)
    Checking ess-gen v0.37.0 (WORKTREE_ROOT/ess/er-library-conformance/crates/generate/ess-gen)
    Checking ess-synth v0.37.0 (WORKTREE_ROOT/ess/er-library-conformance/crates/generate/ess-synth)
    Checking ess-conformance v0.37.0 (WORKTREE_ROOT/ess/er-library-conformance/crates/verify/ess-conformance)
    Checking ess-cli-contract v0.37.0 (WORKTREE_ROOT/ess/er-library-conformance/crates/specify/ess-cli-contract)
    Checking ess-realization v0.37.0 (WORKTREE_ROOT/ess/er-library-conformance/crates/specify/ess-realization)
    Checking infra-spec v0.37.0 (WORKTREE_ROOT/ess/er-library-conformance/crates/infra/infra-spec)
    Checking schema-contract v0.37.0 (WORKTREE_ROOT/ess/er-library-conformance/crates/generate/schema-contract)
    Checking ess-deployment v0.37.0 (WORKTREE_ROOT/ess/er-library-conformance/crates/generate/ess-deployment)
    Checking ess-diff v0.37.0 (WORKTREE_ROOT/ess/er-library-conformance/crates/verify/ess-diff)
    Checking ess-kubernetes v0.37.0 (WORKTREE_ROOT/ess/er-library-conformance/crates/infra/ess-kubernetes)
    Checking ess-cli-project v0.37.0 (WORKTREE_ROOT/ess/er-library-conformance/crates/generate/ess-cli-project)
    Checking infra-project v0.37.0 (WORKTREE_ROOT/ess/er-library-conformance/crates/infra/infra-project)
    Checking ess-composition v0.37.0 (WORKTREE_ROOT/ess/er-library-conformance/crates/specify/ess-composition)
    Checking ess-openapi v0.37.0 (WORKTREE_ROOT/ess/er-library-conformance/crates/generate/ess-openapi)
   Compiling ess-xtask v0.37.0 (WORKTREE_ROOT/ess/er-library-conformance/crates/edge/ess-xtask)
    Checking ess-cli v0.37.0 (WORKTREE_ROOT/ess/er-library-conformance/crates/edge/ess-cli)
 Documenting ess-cli v0.37.0 (WORKTREE_ROOT/ess/er-library-conformance/crates/edge/ess-cli)
 Documenting gatepass-realization v0.37.0 (WORKTREE_ROOT/ess/er-library-conformance/examples/gatepass-realization)
    Checking gatepass-realization v0.37.0 (WORKTREE_ROOT/ess/er-library-conformance/examples/gatepass-realization)
    Checking ess-service-contract v0.37.0 (WORKTREE_ROOT/ess/er-library-conformance/crates/specify/ess-service-contract)
 Documenting ess-entity-runtime v0.37.0 (WORKTREE_ROOT/ess/er-library-conformance/crates/generate/ess-entity-runtime)
 Documenting ess-xtask v0.37.0 (WORKTREE_ROOT/ess/er-library-conformance/crates/edge/ess-xtask)
 Documenting billing-realization v0.37.0 (WORKTREE_ROOT/ess/er-library-conformance/examples/billing-realization)
 Documenting ess-diff v0.37.0 (WORKTREE_ROOT/ess/er-library-conformance/crates/verify/ess-diff)
 Documenting schema-contract v0.37.0 (WORKTREE_ROOT/ess/er-library-conformance/crates/generate/schema-contract)
 Documenting ess-deployment v0.37.0 (WORKTREE_ROOT/ess/er-library-conformance/crates/generate/ess-deployment)
 Documenting ess-kubernetes v0.37.0 (WORKTREE_ROOT/ess/er-library-conformance/crates/infra/ess-kubernetes)
 Documenting ess-cli-project v0.37.0 (WORKTREE_ROOT/ess/er-library-conformance/crates/generate/ess-cli-project)
 Documenting infra-project v0.37.0 (WORKTREE_ROOT/ess/er-library-conformance/crates/infra/infra-project)
 Documenting ess-service-contract v0.37.0 (WORKTREE_ROOT/ess/er-library-conformance/crates/specify/ess-service-contract)
 Documenting ess-synth v0.37.0 (WORKTREE_ROOT/ess/er-library-conformance/crates/generate/ess-synth)
 Documenting ess-conformance v0.37.0 (WORKTREE_ROOT/ess/er-library-conformance/crates/verify/ess-conformance)
 Documenting ess-realization v0.37.0 (WORKTREE_ROOT/ess/er-library-conformance/crates/specify/ess-realization)
 Documenting ess-composition v0.37.0 (WORKTREE_ROOT/ess/er-library-conformance/crates/specify/ess-composition)
 Documenting ess-gen v0.37.0 (WORKTREE_ROOT/ess/er-library-conformance/crates/generate/ess-gen)
 Documenting ess-cli-contract v0.37.0 (WORKTREE_ROOT/ess/er-library-conformance/crates/specify/ess-cli-contract)
 Documenting ess-compiler v0.37.0 (WORKTREE_ROOT/ess/er-library-conformance/crates/specify/ess-compiler)
 Documenting infra-spec v0.37.0 (WORKTREE_ROOT/ess/er-library-conformance/crates/infra/infra-spec)
 Documenting infra-analyze v0.37.0 (WORKTREE_ROOT/ess/er-library-conformance/crates/infra/infra-analyze)
 Documenting infra-compiler v0.37.0 (WORKTREE_ROOT/ess/er-library-conformance/crates/infra/infra-compiler)
 Documenting ess-domain v0.37.0 (WORKTREE_ROOT/ess/er-library-conformance/crates/specify/ess-domain)
 Documenting ess-primitives v0.37.0 (WORKTREE_ROOT/ess/er-library-conformance/crates/specify/ess-primitives)
 Documenting ess-openapi v0.37.0 (WORKTREE_ROOT/ess/er-library-conformance/crates/generate/ess-openapi)
 Documenting infra-domain v0.37.0 (WORKTREE_ROOT/ess/er-library-conformance/crates/infra/infra-domain)
    Finished `dev` profile [unoptimized] target(s) in 30.81s
   Generated EVIDENCE_CACHE/er-ess-extension/build/doc/billing_realization/index.html and 29 other files
task: [release-check] cargo xtask release verify
release 0.37.0: workspace version and changelog agree
task: [action-check] bash -n .github/actions/release-component/release.sh
task: [action-check] grep -q '^name: Release ESS component$' .github/actions/release-component/action.yml
task: [action-check] grep -q 'build-image:' .github/actions/release-component/action.yml
task: [action-check] grep -q 'rust-toolchain:' .github/actions/release-component/action.yml
task: [action-check] grep -q "if: inputs.node-version != ''" .github/actions/release-component/action.yml
task: [action-check] grep -q "if: inputs.pnpm-version != ''" .github/actions/release-component/action.yml
task: [action-check] grep -q 'pnpm-version requires node-version' .github/actions/release-component/action.yml
task: [action-check] grep -q 'generate release bundle' .github/actions/release-component/release.sh
task: [action-check] grep -q 'run: bash "$GITHUB_ACTION_PATH/release.sh"' .github/actions/release-component/action.yml
task: [action-check] grep -q 'helm push .*2>&1' .github/actions/release-component/release.sh
task: [action-check] test "$(printf 'Pushed: example.invalid/charts/service:1.2.3\nDigest: sha256:%064d\n' 0 | grep -Eo 'sha256:[0-9a-f]{64}' | tail -1)" = "sha256:0000000000000000000000000000000000000000000000000000000000000000"
