   Compiling proc-macro2 v1.0.107
   Compiling quote v1.0.47
   Compiling unicode-ident v1.0.26
   Compiling serde_core v1.0.229
   Compiling syn v3.0.6
   Compiling serde v1.0.229
   Compiling zmij v1.0.23
   Compiling syn v2.0.119
   Compiling serde_derive v1.0.229
   Compiling serde_json v1.0.151
   Compiling itoa v1.0.18
   Compiling typenum v1.20.1
   Compiling memchr v2.8.3
   Compiling serde_derive_internals v0.29.1
   Compiling hybrid-array v0.4.15
   Compiling thiserror v2.0.21
   Compiling equivalent v1.0.2
   Compiling hashbrown v0.17.1
   Compiling schemars v0.8.22
   Compiling indexmap v2.14.2
   Compiling schemars_derive v0.8.22
   Compiling thiserror-impl v2.0.21
   Compiling dyn-clone v1.0.20
   Compiling ryu v1.0.23
   Compiling unsafe-libyaml v0.2.11
   Compiling serde_yaml v0.9.34+deprecated
   Compiling crypto-common v0.2.2
   Compiling block-buffer v0.12.1
   Compiling const-oid v0.10.2
   Compiling ess-primitives v0.37.0 (WORKTREE_ROOT/ess/er-library-conformance/crates/specify/ess-primitives)
   Compiling digest v0.11.3
   Compiling cpufeatures v0.3.1
   Compiling cfg-if v1.0.5
   Compiling pulldown-cmark v0.13.4
   Compiling sha2 v0.11.0
   Compiling ess-domain v0.37.0 (WORKTREE_ROOT/ess/er-library-conformance/crates/specify/ess-domain)
   Compiling unicase v2.9.0
   Compiling pulldown-cmark-escape v0.11.0
   Compiling bitflags v2.13.2
   Compiling ess-compiler v0.37.0 (WORKTREE_ROOT/ess/er-library-conformance/crates/specify/ess-compiler)
   Compiling ess-gen v0.37.0 (WORKTREE_ROOT/ess/er-library-conformance/crates/generate/ess-gen)
   Compiling ess-conformance v0.37.0 (WORKTREE_ROOT/ess/er-library-conformance/crates/verify/ess-conformance)
    Finished `test` profile [unoptimized] target(s) in 24.67s
     Running tests/direct_returns.rs (EVIDENCE_CACHE/extension/build/debug/deps/direct_returns-02220fe4f762dc57)

running 1 test
test pure_return_correct_literal_compiles_without_events ... FAILED

failures:

---- pure_return_correct_literal_compiles_without_events stdout ----

thread 'pure_return_correct_literal_compiles_without_events' (1930608) panicked at crates/verify/ess-conformance/tests/direct_returns.rs:34:35:
direct-return source parses: Error("unknown field `returns`, expected one of `name`, `when`, `when_subject`, `when_subject_state`, `when_state_changes`, `external`, `wrong_state`, `unknown_instance`, `refuses`, `creates`, `moves`, `updates`, `preserves`, `deletes`, `into`, `accepts`, `replays`, `instance`, `emits`, `payload`, `sets`, `error`, `summary`, `refs`")
note: run with `RUST_BACKTRACE=1` environment variable to display a backtrace


failures:
    pure_return_correct_literal_compiles_without_events

test result: FAILED. 0 passed; 1 failed; 0 ignored; 0 measured; 0 filtered out; finished in 0.00s

error: test failed, to rerun pass `-p ess-conformance --test direct_returns`
